2026-10-27 01:16:44 [INFO] pc-line02 login ok
2026-10-27 01:35:36 [INFO] pc-line03 answer returned in 3.1s
2026-10-27 01:35:49 [WARN] pc-line05 answer returned in 6.4s (slow)
2026-10-27 01:38:31 [INFO] pc-line03 answer returned in 4.2s
2026-10-27 01:41:28 [INFO] pc-line03 answer returned in 3.1s
2026-10-27 01:58:04 [INFO] pc-line01 answer returned in 3.1s
2026-10-27 02:01:14 [WARN] pc-line03 retry 1 of 3
2026-10-27 02:01:26 [INFO] pc-line02 session closed
2026-10-27 02:02:21 [INFO] pc-line02 question received
2026-10-27 02:06:26 [INFO] pc-line01 answer returned in 4.2s
2026-10-27 02:08:04 [INFO] pc-line07 answer returned in 3.1s
2026-10-27 02:08:34 [WARN] pc-line03 retry 2 of 3
2026-10-27 02:10:39 [ERROR] pc-line03 timeout after 5s
2026-10-27 02:13:51 [ERROR] pc-line03 timeout after 5s
2026-10-27 02:17:50 [ERROR] pc-line03 connection refused
2026-10-27 02:21:48 [ERROR] pc-line03 timeout after 5s
2026-10-27 02:23:50 [INFO] pc-line03 page loaded in 1.2s
2026-10-27 02:28:44 [INFO] pc-line03 answer returned in 3.1s
2026-10-27 02:30:54 [ERROR] pc-line03 connection refused
2026-10-27 02:38:12 [ERROR] pc-line03 timeout after 5s
2026-10-27 02:52:51 [ERROR] pc-line03 timeout after 5s
2026-10-27 02:56:31 [INFO] pc-line07 session closed
2026-10-27 03:05:29 [INFO] pc-line01 session closed
2026-10-27 03:12:05 [INFO] pc-line03 question received
2026-10-27 03:19:44 [INFO] pc-line09 login ok
2026-10-27 03:31:03 [INFO] pc-line09 answer returned in 4.2s
2026-10-27 04:01:19 [INFO] pc-line09 answer returned in 3.1s
2026-10-27 04:13:43 [INFO] pc-line05 page loaded in 1.2s
2026-10-27 04:32:45 [INFO] pc-line05 answer returned in 4.2s
2026-10-27 04:55:22 [INFO] pc-line01 question received
2026-10-27 05:00:34 [WARN] pc-line02 answer returned in 5.8s (slow)
2026-10-27 05:08:22 [INFO] pc-line02 answer returned in 3.1s
2026-10-27 06:08:07 [INFO] pc-line05 login ok
2026-10-27 06:10:13 [INFO] pc-line03 page loaded in 0.8s
2026-10-27 06:24:47 [INFO] pc-line02 question received
2026-10-27 06:42:49 [WARN] pc-line07 answer returned in 7.0s (slow)
2026-10-27 07:01:25 [INFO] pc-line05 login ok
2026-10-27 07:19:10 [INFO] pc-line05 question received
2026-10-27 07:32:35 [INFO] pc-line03 page loaded in 0.8s
2026-10-27 07:37:52 [INFO] pc-line05 session closed
2026-10-27 08:12:35 [INFO] pc-line03 answer returned in 4.2s
2026-10-27 08:28:26 [INFO] pc-line03 answer returned in 4.2s
2026-10-27 08:50:32 [WARN] pc-line01 retry 1 of 3
2026-10-27 09:53:56 [INFO] pc-line05 page loaded in 0.8s
2026-10-27 10:13:09 [INFO] pc-line01 page loaded in 0.8s
2026-10-27 10:31:09 [INFO] pc-line02 answer returned in 4.2s
2026-10-27 10:43:14 [INFO] pc-line01 question received
2026-10-27 11:03:53 [INFO] pc-line07 page loaded in 0.8s
2026-10-27 12:20:16 [INFO] pc-line03 login ok
2026-10-27 12:28:09 [INFO] pc-line05 answer returned in 3.1s
2026-10-27 12:40:21 [WARN] pc-line09 answer returned in 5.5s (slow)
2026-10-27 12:42:23 [INFO] pc-line07 answer returned in 3.1s
2026-10-27 13:28:20 [INFO] pc-line02 answer returned in 4.2s
2026-10-27 13:32:54 [INFO] pc-line07 answer returned in 3.1s
2026-10-27 14:05:12 [ERROR] pc-line07 disk full
2026-10-27 14:16:41 [INFO] pc-line09 answer returned in 4.2s
2026-10-27 14:18:03 [INFO] pc-line05 session closed
2026-10-27 14:29:49 [INFO] pc-line09 session closed
2026-10-27 14:35:35 [INFO] pc-line05 question received
2026-10-27 14:48:25 [INFO] pc-line05 login ok
2026-10-27 15:28:30 [INFO] pc-line09 question received
2026-10-27 15:53:03 [INFO] pc-line02 login ok
2026-10-27 16:50:40 [WARN] pc-line05 retry 1 of 3
2026-10-27 16:56:13 [INFO] pc-line05 page loaded in 0.8s
2026-10-27 17:19:07 [INFO] pc-line03 answer returned in 3.1s
2026-10-27 18:08:03 [INFO] pc-line01 login ok
2026-10-27 18:17:36 [INFO] pc-line02 answer returned in 3.1s
2026-10-27 18:27:06 [INFO] pc-line03 answer returned in 3.1s
2026-10-27 18:41:01 [INFO] pc-line01 session closed
2026-10-27 18:48:13 [INFO] pc-line07 question received
2026-10-27 19:00:09 [INFO] pc-line09 page loaded in 1.2s
2026-10-27 19:07:22 [INFO] pc-line07 page loaded in 1.2s
2026-10-27 19:15:30 [INFO] pc-line01 login ok
2026-10-27 19:18:54 [INFO] pc-line05 question received
2026-10-27 19:29:30 [INFO] pc-line05 page loaded in 1.2s
2026-10-27 19:41:05 [INFO] pc-line02 login ok
2026-10-27 19:50:14 [WARN] pc-line07 answer returned in 6.1s (slow)
2026-10-27 19:51:47 [INFO] pc-line03 answer returned in 4.2s
2026-10-27 19:53:16 [INFO] pc-line05 session closed
2026-10-27 19:59:44 [INFO] pc-line02 answer returned in 3.1s
2026-10-27 21:07:01 [INFO] pc-line02 answer returned in 3.1s
2026-10-27 21:24:23 [INFO] pc-line02 answer returned in 4.2s
2026-10-27 21:31:34 [INFO] pc-line01 session closed
2026-10-27 21:48:33 [INFO] pc-line03 answer returned in 4.2s
2026-10-27 22:13:55 [INFO] pc-line01 answer returned in 4.2s
2026-10-27 23:13:54 [INFO] pc-line03 answer returned in 3.1s
2026-10-27 23:16:23 [INFO] pc-line02 page loaded in 1.2s
